#-----------------------------------------------------------
# Vivado v2024.1.1 (64-bit)
# SW Build 5094488 on Fri Jun 14 08:59:21 MDT 2024
# IP Build 5091682 on Fri Jun 14 16:55:04 MDT 2024
# SharedData Build 5094118 on Fri Jun 14 01:09:43 MDT 2024
# Start of session at: Tue Nov 19 15:43:10 2024
# Process ID: 16176
# Current directory: C:/Users/ros3142/Desktop/PMOD_test2/PMOD_test2.runs/synth_1
# Command line: vivado.exe -log top.vds -product Vivado -mode batch -messageDb vivado.pb -notrace -source top.tcl
# Log file: C:/Users/ros3142/Desktop/PMOD_test2/PMOD_test2.runs/synth_1/top.vds
# Journal file: C:/Users/ros3142/Desktop/PMOD_test2/PMOD_test2.runs/synth_1\vivado.jou
# Running On        :EAS-EE-1111-02
# Platform          :Windows Server 2016 or Windows 10
# Operating System  :19045
# Processor Detail  :11th Gen Intel(R) Core(TM) i5-11600K @ 3.90GHz
# CPU Frequency     :3912 MHz
# CPU Physical cores:6
# CPU Logical cores :12
# Host memory       :16768 MB
# Swap memory       :3337 MB
# Total Virtual     :20105 MB
# Available Virtual :9175 MB
#-----------------------------------------------------------
source top.tcl -notrace
